C:\Users\KGATLA_KJ\Desktop\SEC Formative RESTFUL\vaccine\src\main\java\luke\tem\maluks\vaccine\common\Gender.java
C:\Users\KGATLA_KJ\Desktop\SEC Formative RESTFUL\vaccine\src\main\java\luke\tem\maluks\vaccine\domain\Address.java
C:\Users\KGATLA_KJ\Desktop\SEC Formative RESTFUL\vaccine\src\main\java\luke\tem\maluks\vaccine\domain\Citizen.java
C:\Users\KGATLA_KJ\Desktop\SEC Formative RESTFUL\vaccine\src\main\java\luke\tem\maluks\vaccine\common\AddressDTO.java
C:\Users\KGATLA_KJ\Desktop\SEC Formative RESTFUL\vaccine\src\main\java\luke\tem\maluks\vaccine\ServletInitializer.java
C:\Users\KGATLA_KJ\Desktop\SEC Formative RESTFUL\vaccine\src\main\java\luke\tem\maluks\vaccine\common\CitizenDTO.java
C:\Users\KGATLA_KJ\Desktop\SEC Formative RESTFUL\vaccine\src\main\java\luke\tem\maluks\vaccine\domain\CitizenRepository.java
C:\Users\KGATLA_KJ\Desktop\SEC Formative RESTFUL\vaccine\src\main\java\luke\tem\maluks\vaccine\repository\CitizenRepository.java
C:\Users\KGATLA_KJ\Desktop\SEC Formative RESTFUL\vaccine\src\main\java\luke\tem\maluks\vaccine\rest\CitizenServiceController.java
C:\Users\KGATLA_KJ\Desktop\SEC Formative RESTFUL\vaccine\src\main\java\luke\tem\maluks\vaccine\common\MaritalStatus.java
C:\Users\KGATLA_KJ\Desktop\SEC Formative RESTFUL\vaccine\src\main\java\luke\tem\maluks\vaccine\VaccineApplication.java
